06-29 17:14:00.754 I/SpeechFactory(30636): SpeechRecognitionFactory.maybeScheduleAutoPackDownloadForFallback():224 maybeScheduleAutoPackDownloadForFallback()
06-29 17:14:00.754 I/FallbackOnDeviceRecognitionProvider(30636): FallbackOnDeviceRecognitionProvider.maybeScheduleAutoPackDownload():213 maybeScheduleAutoPackDownload() for language tag en-GB
06-29 17:14:00.754 I/CrossProfileSharedPreferences(30636): CrossProfileSharedPreferences.syncAllAllowedPreferencesInternal():276 Cannot make cross profile calls to full sync preferences
06-29 17:14:00.762 I/GoogleInputMethodService(30636): GoogleInputMethodService$1.onKeyboardViewShown():344 onKeyboardViewShown: keyboardType=prime, keyboardViewType=HEADER keyboardView=com.google.android.libraries.inputmethod.widgets.SoftKeyboardView{ef6d101 V.E...... ........ 0,0-1080,121}
06-29 17:14:00.762 I/BaseKeyboardSizeHelper(30636): BaseKeyboardSizeHelper.calculateMaxKeyboardBodyHeight():73 leave 267 height for app when ime window height:2155, header height:121 and isFullscreenMode:false, so the max keyboard body height is:1767
06-29 17:14:00.763 I/GoogleInputMethodService(30636): GoogleInputMethodService$1.onKeyboardViewShown():344 onKeyboardViewShown: keyboardType=prime, keyboardViewType=BODY keyboardView=com.google.android.libraries.inputmethod.widgets.SoftKeyboardView{bb15c02 V.E...... ........ 0,0-1080,787}
06-29 17:14:00.763 I/BaseKeyboardSizeHelper(30636): BaseKeyboardSizeHelper.calculateMaxKeyboardBodyHeight():73 leave 267 height for app when ime window height:2155, header height:121 and isFullscreenMode:false, so the max keyboard body height is:1767
06-29 17:14:00.764 I/GlobeKeyExtension(30636): GlobeKeyExtension$1.onKeyboardViewShown():77 maybeDisableLanguageSwitchKeyPref when the keyboard is shown
06-29 17:14:00.764 I/GlobeKeyExtension(30636): GlobeKeyExtension.maybeDisableLanguageSwitchKeyPref():211 maybeDisableLanguageSwitchKeyPref hasGlobeKeyBeenDisabled: true, shouldDisableLanguageSwitchKey: true
06-29 17:14:00.764 I/NewLanguagePromptExtension(30636): NewLanguagePromptExtension$1.onKeyboardViewShown():88 Not show new language banner: not prime keyboard, or the extension not activated.
06-29 17:14:00.764 I/KeyboardModeUtils(30636): KeyboardModeUtils.getKeyboardBottomOffset():435 inch: 0.000000 ydpi: 386.985992 adjustKeyboardBottomByDisplaySize: false currentDensityDpi: 440 defaultDensityDpi: 440 keyboardBottomToScreenPx: 0 keyboardBottomToNavBarPx: -132 navBarHeight: 132
06-29 17:14:00.764 I/BaseKeyboardSizeHelper(30636): BaseKeyboardSizeHelper.calculateMaxKeyboardBodyHeight():73 leave 267 height for app when ime window height:2155, header height:121 and isFullscreenMode:false, so the max keyboard body height is:1767
06-29 17:14:00.764 I/BaseKeyboardSizeHelper(30636): BaseKeyboardSizeHelper.calculateMaxKeyboardBodyHeight():73 leave 267 height for app when ime window height:2155, header height:121 and isFullscreenMode:false, so the max keyboard body height is:1767
06-29 17:14:00.764 I/AndroidIME(30636): KeyboardViewManager.updateKeyboardBottomFrame():519 Set bottomFrameHeight = 146 while holderPaddingBottom = 146; navigationHeight = 132
06-29 17:14:00.774 I/KeyboardModeUtils(30636): KeyboardModeUtils.getKeyboardBottomOffset():435 inch: 0.000000 ydpi: 386.985992 adjustKeyboardBottomByDisplaySize: false currentDensityDpi: 440 defaultDensityDpi: 440 keyboardBottomToScreenPx: 0 keyboardBottomToNavBarPx: -132 navBarHeight: 132
06-29 17:14:00.775 I/BaseKeyboardSizeHelper(30636): BaseKeyboardSizeHelper.calculateMaxKeyboardBodyHeight():73 leave 267 height for app when ime window height:2155, header height:121 and isFullscreenMode:false, so the max keyboard body height is:1767
06-29 17:14:00.775 I/BaseKeyboardSizeHelper(30636): BaseKeyboardSizeHelper.calculateMaxKeyboardBodyHeight():73 leave 267 height for app when ime window height:2155, header height:121 and isFullscreenMode:false, so the max keyboard body height is:1767
06-29 17:14:00.775 I/AndroidIME(30636): KeyboardViewManager.updateKeyboardBottomFrame():519 Set bottomFrameHeight = 146 while holderPaddingBottom = 146; navigationHeight = 132
06-29 17:14:01.104 E/ActivityThread(15080): Failed to find provider info for subscribedfeeds
06-29 17:14:01.105 E/ActivityThread(15080): Failed to find provider info for subscribedfeeds
06-29 17:14:01.106 I/SyncAdapter(15080): Executing sync via SyncAdapter. [CONTEXT service_id=80 ]
06-29 17:14:01.106 I/SyncManager(15080): (REDACTED) Executing sync(type=%s%s)
06-29 17:14:01.124 I/SyncManager(15080): (REDACTED) Executing sync(type=%s) finished in %s
06-29 17:14:01.257 W/TooltipLifecycleManager(30636): TooltipLifecycleManager.dismissTooltips():153 Tooltip with id undo_access_point_promotion_banner not found in tooltipManager.
06-29 17:14:01.261 E/qdgralloc(30636): BufferManager::ReleaseBuffer ref_count = 1
06-29 17:14:01.262 E/qdgralloc(30636): BufferManager::ReleaseBuffer ref_count = 1
06-29 17:14:01.262 I/HWUI    (30636): [destroy] CanvasContext will be destroyed.
06-29 17:14:01.285 D/ViewRootImpl(30636): AppSizeAfterRelayout, size: Point(1080, 2287), rotation: ROTATION_0
06-29 17:14:01.285 E/qdgralloc(30636): BufferManager::ReleaseBuffer ref_count = 1
06-29 17:14:01.285 E/qdgralloc(30636): BufferManager::ReleaseBuffer ref_count = 1
06-29 17:14:01.287 I/KeyboardModeUtils(30636): KeyboardModeUtils.getKeyboardBottomOffset():435 inch: 0.000000 ydpi: 386.985992 adjustKeyboardBottomByDisplaySize: false currentDensityDpi: 440 defaultDensityDpi: 440 keyboardBottomToScreenPx: 0 keyboardBottomToNavBarPx: -132 navBarHeight: 132
06-29 17:14:01.287 I/BaseKeyboardSizeHelper(30636): BaseKeyboardSizeHelper.calculateMaxKeyboardBodyHeight():73 leave 267 height for app when ime window height:2155, header height:121 and isFullscreenMode:false, so the max keyboard body height is:1767
06-29 17:14:01.287 I/BaseKeyboardSizeHelper(30636): BaseKeyboardSizeHelper.calculateMaxKeyboardBodyHeight():73 leave 267 height for app when ime window height:2155, header height:121 and isFullscreenMode:false, so the max keyboard body height is:1767
06-29 17:14:01.287 I/AndroidIME(30636): KeyboardViewManager.updateKeyboardBottomFrame():519 Set bottomFrameHeight = 146 while holderPaddingBottom = 146; navigationHeight = 132
06-29 17:14:02.214 W/CCTFlatFileLogStore(29578): Excessive logging: 2 events, 195889 bytes from log source ANDROID_WEBVIEW last 3s
06-29 17:14:03.098 D/BoundBrokerSvc(15080): onUnbind: Intent { act=com.google.android.gms.wallet.service.BIND xflg=0x4 pkg=com.google.android.gms }
06-29 17:14:07.054 D/BoundBrokerSvc(29578): onUnbind: Intent { act=com.google.android.gms.libs.gmscorelogger.service.START dat=chimera-action:/... xflg=0x4 cmp=com.google.android.gms/.chimera.PersistentDirectBootAwareApiService }
06-29 17:14:08.826 W/ratelimit( 9130): Single process limit 250/s drop 136 lines.
06-29 17:14:08.885 D/ViewRootImpl( 9130): AppSizeAfterRelayout, size: Point(1202, 177), rotation: ROTATION_0
06-29 17:14:08.888 W/BLASTBufferQueue( 9130): Unable to open /proc/vivo_rsc/frame_set_priority: Permission denied
06-29 17:14:08.888 I/BLASTBufferQueue( 9130): QoSAllocBuff Successful. Ret 0 
06-29 17:14:08.896 I/ssioncontroller( 9130): AssetManager2(0xb400007c3f767e78) locale list changing from [] to [en-US]
06-29 17:14:08.927 D/ViewRootImpl( 9130): AppSizeAfterRelayout, size: Point(1202, 1171), rotation: ROTATION_0
06-29 17:14:08.928 E/qdgralloc( 9130): BufferManager::ReleaseBuffer ref_count = 1
06-29 17:14:08.929 E/qdgralloc( 9130): BufferManager::ReleaseBuffer ref_count = 1
06-29 17:14:08.929 E/qdgralloc( 9130): BufferManager::ReleaseBuffer ref_count = 1
06-29 17:14:08.929 E/qdgralloc( 9130): BufferManager::ReleaseBuffer ref_count = 1
06-29 17:14:08.934 I/ActivityTaskManager( 3579): Displayed com.google.android.permissioncontroller/com.android.permissioncontroller.permission.ui.GrantPermissionsActivity for user 0: +167ms
06-29 17:14:08.942 V/ImeFocusController( 9130): onWindowFocus: com.android.internal.policy.DecorView{6b4407e V.E...... R....... 0,0-1026,995}[GrantPermissionsActivity] softInputMode=STATE_ALWAYS_HIDDEN|ADJUST_NOTHING|IS_FORWARD_NAVIGATION
06-29 17:14:08.973 V/InputMethod(30636): unbindInput(): binding=InputBinding{android.os.BinderProxy@ee6dcc6 / uid 10546 / pid 23223} ic=RemoteInputConnection{idHash=#6b48487}
06-29 17:14:08.975 V/InputMethod(30636): bindInput(): binding=InputBinding{android.os.BinderProxy@4f0150b / uid 10299 / pid 9130} ic=RemoteInputConnection{idHash=#2247fe8}
06-29 17:14:08.975 V/InputMethod(30636): startInput(): editor=android.view.inputmethod.EditorInfo@df35601
06-29 17:14:08.975 V/InputMethodService(30636): CALL: doFinishInput
06-29 17:14:08.975 D/InlineSuggestionSessionController(30636): notifyOnFinishInput
06-29 17:14:08.975 V/InputMethodService(30636): CALL: onFinishInput
06-29 17:14:08.975 I/GoogleInputMethodService(30636): GoogleInputMethodService.onFinishInput():2269 
06-29 17:14:08.976 I/Module  (30636): DeviceLockedStatusModuleProvider$Module.updateDeviceLockedStatusInternal():127 repeatCheckTimes = 0, locked = false
06-29 17:14:08.976 V/InputMethodService(30636): finishStylusHandwriting()
06-29 17:14:08.976 D/InlineSuggestionSessionController(30636): notifyOnStartInput: com.google.android.permissioncontroller, 0
06-29 17:14:08.976 V/InputMethodService(30636): CALL: onStartInput
06-29 17:14:08.976 I/GoogleInputMethodService(30636): GoogleInputMethodService.onStartInput():1454 onStartInput(EditorInfo{EditorInfo{packageName=com.google.android.permissioncontroller, inputType=0, inputTypeString=NULL, enableLearning=false, autoCorrection=false, autoComplete=false, imeOptions=0, privateImeOptions=null, actionName=UNSPECIFIED, actionLabel=null, initialSelStart=-1, initialSelEnd=-1, initialCapsMode=0, label=null, fieldId=0, fieldName=null, extras=null, hintText=null, hintLocales=[]}}, false)
06-29 17:14:08.976 I/AndroidIME(30636): LatinIMEBase.updateInputViewCoverNavigation():321 Update input view padding, isNavbarOverInputWindow=true, bottom inset=132
06-29 17:14:08.977 I/Module  (30636): DeviceLockedStatusModuleProvider$Module.updateDeviceLockedStatusInternal():127 repeatCheckTimes = 1, locked = false
06-29 17:14:10.572 I/GrantPermissionsViewModel( 9130): Logged buttons presented and clicked permissionGroupName=android.permission-group.NOTIFICATIONS uid=10546 package=com.spigens.app presentedButtons=9 clickedButton=1 isPermissionRationaleShown=false sessionId=-9048718222938662334 targetSdk=36 prompt=BASIC initialLocationPrecision=0 selectedLocationPrecision=0 locationAccuracyButtonClicked= false
06-29 17:14:10.575 I/GrantPermissionsViewModel( 9130): Permission grant result requestId=-9048718222938662334 callingUid=10546 callingPackage=com.spigens.app permission=android.permission.POST_NOTIFICATIONS isImplicit=false result=4 isPermissionRationaleShown=falseisPackageRestrictedByEnhancedConfirmation=false
06-29 17:14:10.647 D/VRI[GrantPermissionsActivity,type=1]( 9130): visibilityChanged oldVisibility=true newVisibility=false
06-29 17:14:10.648 E/qdgralloc( 9130): BufferManager::ReleaseBuffer ref_count = 1
06-29 17:14:10.649 E/qdgralloc( 9130): BufferManager::ReleaseBuffer ref_count = 1
06-29 17:14:10.649 I/HWUI    ( 9130): [destroy] CanvasContext will be destroyed.
06-29 17:14:10.655 D/ViewRootImpl( 9130): AppSizeAfterRelayout, size: Point(1202, 1171), rotation: ROTATION_0
06-29 17:14:10.656 E/qdgralloc( 9130): BufferManager::ReleaseBuffer ref_count = 1
06-29 17:14:10.656 V/InputMethod(30636): unbindInput(): binding=InputBinding{android.os.BinderProxy@4f0150b / uid 10299 / pid 9130} ic=RemoteInputConnection{idHash=#2247fe8}
06-29 17:14:10.657 V/InputMethod(30636): bindInput(): binding=InputBinding{android.os.BinderProxy@ee6dcc6 / uid 10546 / pid 23223} ic=RemoteInputConnection{idHash=#d3e513d}
06-29 17:14:10.658 I/ImeTracker( 9130): com.google.android.permissioncontroller:7d297cac: onRequestHide at ORIGIN_CLIENT reason HIDE_WINDOW_LOST_FOCUS fromUser false
06-29 17:14:10.659 I/ImeTracker( 9130): com.google.android.permissioncontroller:7d297cac: onCancelled at PHASE_CLIENT_ALREADY_HIDDEN
06-29 17:14:10.661 I/HWUI    ( 9130): [setStopped] CanvasContext will be destroyed.
06-29 17:14:10.663 V/InputMethod(30636): startInput(): editor=android.view.inputmethod.EditorInfo@2775d32
06-29 17:14:10.663 V/InputMethodService(30636): CALL: doFinishInput
06-29 17:14:10.663 D/InlineSuggestionSessionController(30636): notifyOnFinishInput
06-29 17:14:10.664 V/InputMethodService(30636): CALL: onFinishInput
06-29 17:14:10.664 I/GoogleInputMethodService(30636): GoogleInputMethodService.onFinishInput():2269 
06-29 17:14:10.664 W/WindowOnBackDispatcher( 9130): sendCancelIfRunning: isInProgress=false callback=android.view.ViewRootImpl$$ExternalSyntheticLambda13@8154566
06-29 17:14:10.667 I/Module  (30636): DeviceLockedStatusModuleProvider$Module.updateDeviceLockedStatusInternal():127 repeatCheckTimes = 0, locked = false
06-29 17:14:10.667 V/InputMethodService(30636): finishStylusHandwriting()
06-29 17:14:10.668 D/InlineSuggestionSessionController(30636): notifyOnStartInput: com.spigens.app, 0
06-29 17:14:10.668 V/InputMethodService(30636): CALL: onStartInput
06-29 17:14:10.668 I/GoogleInputMethodService(30636): GoogleInputMethodService.onStartInput():1454 onStartInput(EditorInfo{EditorInfo{packageName=com.spigens.app, inputType=0, inputTypeString=NULL, enableLearning=false, autoCorrection=false, autoComplete=false, imeOptions=12000000, privateImeOptions=null, actionName=UNSPECIFIED, actionLabel=null, initialSelStart=-1, initialSelEnd=-1, initialCapsMode=0, label=null, fieldId=0, fieldName=null, extras=null, hintText=null, hintLocales=[]}}, false)
06-29 17:14:10.668 I/AndroidIME(30636): LatinIMEBase.updateInputViewCoverNavigation():321 Update input view padding, isNavbarOverInputWindow=true, bottom inset=132
06-29 17:14:10.668 I/HWUI    ( 9130): [destroy] CanvasContext will be destroyed.
06-29 17:14:10.669 D/ViewRootImpl( 9130): Skipping stats log for color mode
06-29 17:14:10.670 I/Module  (30636): DeviceLockedStatusModuleProvider$Module.updateDeviceLockedStatusInternal():127 repeatCheckTimes = 1, locked = false
06-29 17:14:10.775 I/ProtoXDBBufferWrapper(30636): ProtoXDBBufferWrapper.flushToStorage():158 Flushed 6 data item(s) to storage.
06-29 17:14:11.202 I/HWUI    ( 9130): [destroy] CanvasContext will be destroyed.
06-29 17:14:20.747 I/VoiceInputManagerWrapper(30636): VoiceInputManagerWrapper.shutdownVoiceInternal():152 shutdownVoiceInternal() [RD]
06-29 17:14:23.608 I/StylusModule(30636): StylusModule.onUpdateToolType():774 Update tool type = 0
06-29 17:14:26.399 D/SQLiteQueryBuilder(11536): SELECT _id, title, mime_type, _data, relative_path, duration FROM video WHERE ((((is_pending=0 AND NOT _modifier=4) OR (is_pending=1 AND lower(_data) NOT REGEXP '.*/\.pending-(\d+)-([^/]+)$' AND owner_package_name IN ( 'com.vivo.vivo3rdalgoservice' )))) AND (is_trashed=0) AND (volume_name IN ( 'external_primary' ))) AND ((_id IN ()))
06-29 17:14:31.793 I/AlarmManager(29578): setExactAndAllowWhileIdle [name: GCM_HB_ALARM type: 2 triggerAtMillis: 1520140522]
06-29 17:14:31.797 I/AlarmManager(29578): setExactAndAllowWhileIdle [name: GCM_HB_ALARM type: 2 triggerAtMillis: 1520140526]
06-29 17:15:00.770 D/BoundBrokerSvc(15080): onUnbind: Intent { act=com.google.android.gms.common.BIND_SHARED_PREFS xflg=0x4 pkg=com.google.android.gms }
06-29 17:15:01.995 I/CastDatabase(29578): Saving the database
06-29 17:15:02.005 I/SQLiteCastStore(29578): [CastNetworkInfo] saved: 1, skipped: 0, [CastDeviceInfo]: saved 1, skipped 0, [ProbedNetworks]: saved 0, skipped: 0, [ProbedSocketAddress]: saved 1, skipped: 0, [Network-Device pairs]: saved: 1
06-29 17:15:04.852 D/BatteryStatsService( 3579): noteVideoSurfaceChanged  noteWhich: 49,arg1: 1280, arg2: 720, arg3: 17350, arg4: 72132111720526323, name: com.google.android.youtube
06-29 17:15:04.854 D/BatteryStatsService( 3579): noteVideoSurfaceChanged  noteWhich: 49,arg1: 704, arg2: 396, arg3: 17350, arg4: 72132111720526323, name: com.google.android.youtube
06-29 17:15:10.310 D/AudioManager(29578): dispatching onPlaybackConfigChanged()
06-29 17:15:18.228 I/NullBinder(29578): NullBinder for android.net.action.RECOMMEND_NETWORKS triggering remote TransactionTooLargeException due to Service without Chimera impl, calling uid: 1000, calling pid: 0
06-29 17:15:18.228 W/.gms.persistent(29578): Large reply transaction of 1056768 bytes, interface descriptor , code 1
06-29 17:15:18.248 I/NearbyMediums(29578): Wifi changed new SSID: "198-FM Fiber Network"
06-29 17:15:18.248 I/NearbyMediums(29578): WifiLanConnectivityInfo is not changed, skip notify.
06-29 17:15:18.261 I/NullBinder(29578): NullBinder for android.net.action.RECOMMEND_NETWORKS triggering remote TransactionTooLargeException due to Service without Chimera impl, calling uid: 1000, calling pid: 0
06-29 17:15:18.261 W/.gms.persistent(29578): Large reply transaction of 1056768 bytes, interface descriptor , code 1
06-29 17:15:18.283 I/NearbyMediums(29578): Wifi changed new SSID: "198-FM Fiber Network"
06-29 17:15:18.283 I/NearbyMediums(29578): WifiLanConnectivityInfo is not changed, skip notify.
06-29 17:15:18.297 I/FrewleTileCacheManagerV(29578): (REDACTED) Fetched %d AP models from cache
06-29 17:15:18.766 I/NearbySharing(29578): Network state changed: NetworkState(isRestricted=false, isOnline=true, isCongested=false, isMetered=false, isWifiConnected=true)
06-29 17:15:21.379 D/ApplicationLoaders(29219): Returning zygote-cached class loader: /system/framework/org.apache.http.legacy.jar
06-29 17:15:21.380 D/ApplicationLoaders(29219): Returning zygote-cached class loader: /system/framework/com.android.location.provider.jar
06-29 17:15:21.380 D/ApplicationLoaders(29219): Returning zygote-cached class loader: /system/framework/com.android.media.remotedisplay.jar
06-29 17:15:21.380 D/ApplicationLoaders(29219): Returning zygote-cached class loader: /system_ext/framework/androidx.window.extensions.jar
06-29 17:15:21.380 D/ApplicationLoaders(29219): Returning zygote-cached class loader: /system_ext/framework/androidx.window.sidecar.jar
06-29 17:15:21.389 I/m.vivo.appstore(29219): AssetManager2(0xb400007c3f76e8b8) locale list changing from [] to [en-US]
06-29 17:15:26.458 D/SQLiteQueryBuilder(11536): SELECT _id, title, mime_type, _data, relative_path, duration FROM video WHERE ((((is_pending=0 AND NOT _modifier=4) OR (is_pending=1 AND lower(_data) NOT REGEXP '.*/\.pending-(\d+)-([^/]+)$' AND owner_package_name IN ( 'com.vivo.vivo3rdalgoservice' )))) AND (is_trashed=0) AND (volume_name IN ( 'external_primary' ))) AND ((_id IN ()))
06-29 17:15:29.934 E/dumpsys (23800): BBinder_init Processname  dumpsys  
06-29 17:15:29.935 E/dumpsys (23800): BBinder_init hasGetProcessName  dumpsys
06-29 17:15:29.936 W/dumpsys (23800): Thread Pool max thread count is 0. Cannot cache binder as linkToDeath cannot be implemented. serviceName: window
06-29 17:15:37.522 I/NearbyDiscovery(29578): FastPair: isDestroyable: Scanner is alive. [CONTEXT service_id=265 ]
06-29 17:15:37.522 I/NearbyDiscovery(29578): DiscoveryService: Skip stopSelf(), fast pair controller is not destroyable. [CONTEXT service_id=265 ]
