06-29 17:13:44.754 I/GoogleInputMethodService(30636): GoogleInputMethodService.initializeInputMethodServiceData():898 initializeInputMethodServiceData for npg{languageTag=en-GB, variant=qwerty, hasLocalizedResources=true, conditionCacheKey=_android_software_xr_api_spatial=false_app_first_start_timestamp=1701308393277_cache_ime_defs_for_condition_change=false_deprecate_long_press_space_for_ime_picker=false_device=phone_device_size=default_enable_more_candidates_view_for_multilingual=false_enable_number_row=true_enable_number_row_in_password=true_enable_pk_simulator=false_enable_pk_simulator_setting=false_enable_preemptive_decode=true_enable_scrub_move=true_enable_secondary_digits=true_enable_secondary_symbols=false_expressions=normal_four_or_more_letter_rows=false_free_cursor=false_free_cursor_spacebar_popup=false_keyboard_font_size_setting=_keyboard_mode=normal_language=en-GB_layout_9key_split=false_orientation=portrait_physical_keyboard=nokeys_pk_simulator_vk_ready=false_pref_enable_flick_symbols=false_rtl_layout=false_show_comma_key=true_show_period_key=true_show_secondary_digits=false_show_suggestion_strip=true_show_suggestions=true_split_with_duplicate_keys=true_true=true_variant=qwerty_writing_helper_enable_by_word_revert=false, imeDef.stringId=ime_english_great_britain, imeDef.className=com.google.android.apps.inputmethod.libs.latin5.LatinIme, imeDef.languageTag=en-GB}
06-29 17:13:44.754 W/LatinCommonMetricsProcessor(30636): LatinCommonMetricsProcessor.processInputMethodEntryChanged():2562 The new entry is equal to the old entry
06-29 17:13:44.770 I/KeyboardGroupDefParser(30636): KeyboardGroupDefParser.parseKeyboardGroupDef():73 parseKeyboardGroupDef() 2132213994 -> 0_resource_name_obfuscated : WaitTime = 19 ms : RunTime = 11 ms
06-29 17:13:44.771 I/KeyboardThemeProvider(30636): KeyboardThemeProvider.applyKeyboardTheme():27 Apply keyboard theme: theme,!gsf,!pgsans,!pgsf,!use_system_font,BORDER,FLAVOR_DPI=XXHDPI,KEYBOARD_WIDTH_CATEGORY=NORMAL,KEY_BORDER_SHAPE=1,LIGHT_THEME=false,PHYSICAL_DIAGONAL=5.748144,POPUP,SCREEN_SHORTEST_WIDTH=393,SCREEN_SHORTEST_WIDTH_NO_SCALE=393,XXHDPI,bottom4dp,enable_popup_on_keypress=true,keyboard_redesign_google_sans=true,non_linear_scale,noshadow,overlay_builtin_dynamic_color_dark_base.binarypb:gm3-dark-ff0e141c-ffa7c8ff-d7ffe11be83224df249691d4c4411eea,silkpopup
06-29 17:13:44.771 I/InputMethodEntryManager(30636): InputMethodEntryManager.getAdditionalImeDefs():2542 getAdditionalImeDefs() called, flag enabled: false, isUserUnlocked: true
06-29 17:13:44.771 I/InputMethodEntryManager(30636): InputMethodEntryManager.getAdditionalImeDefs():2550 OptimizeAdditionalImeDefLoadingFlag disabled, retrieving additional ImeDefs synchronously for entry: npg{languageTag=en-GB, variant=qwerty, hasLocalizedResources=true, conditionCacheKey=_android_software_xr_api_spatial=false_app_first_start_timestamp=1701308393277_cache_ime_defs_for_condition_change=false_deprecate_long_press_space_for_ime_picker=false_device=phone_device_size=default_enable_more_candidates_view_for_multilingual=false_enable_number_row=true_enable_number_row_in_password=true_enable_pk_simulator=false_enable_pk_simulator_setting=false_enable_preemptive_decode=true_enable_scrub_move=true_enable_secondary_digits=true_enable_secondary_symbols=false_expressions=normal_four_or_more_letter_rows=false_free_cursor=false_free_cursor_spacebar_popup=false_keyboard_font_size_setting=_keyboard_mode=normal_language=en-GB_layout_9key_split=false_orientation=portrait_physical_keyboard=nokeys_pk_simulator_vk_ready=false_pref_enable_flick_symbols=false_rtl_layout=false_show_comma_key=true_show_period_key=true_show_secondary_digits=false_show_suggestion_strip=true_show_suggestions=true_split_with_duplicate_keys=true_true=true_variant=qwerty_writing_helper_enable_by_word_revert=false, imeDef.stringId=ime_english_great_britain, imeDef.className=com.google.android.apps.inputmethod.libs.latin5.LatinIme, imeDef.languageTag=en-GB}
06-29 17:13:44.771 I/InputBundle(30636): InputBundle.prefetchKeyboard():670 prefetchKeyboard: prime
06-29 17:13:44.773 I/KeyboardDefManager(30636): KeyboardDefManager.requestKeyboardDef():128 requestKeyboardDef(): type=prime, info=olr{defIds=[#0x7f1705fb, #0x7f170891], defIdsCacheKey=[2132215291, 2132215953]}
06-29 17:13:44.773 I/KeyboardDefManager(30636): KeyboardDefManager.requestKeyboardDef():195 requestKeyboardDef(): getOrCreate from cache, info=olr{defIds=[#0x7f1705fb, #0x7f170891], defIdsCacheKey=[2132215291, 2132215953]}
06-29 17:13:44.774 I/KeyboardDefManager(30636): KeyboardDefManager$Companion$addFutureCallbackForKeyboardDefReceiver$1.onSuccess():425 requestKeyboardDef onSuccess(): info=olr{defIds=[#0x7f1705fb, #0x7f170891], defIdsCacheKey=[2132215291, 2132215953]}
06-29 17:13:44.774 I/KeyboardGroupDefParser(30636): KeyboardGroupDefParser.parseKeyboardGroupDef():73 parseKeyboardGroupDef() 2132213998 -> 0_resource_name_obfuscated : WaitTime = 20 ms : RunTime = 15 ms
06-29 17:13:44.776 I/KeyboardGroupDefParser(30636): KeyboardGroupDefParser.parseKeyboardGroupDef():73 parseKeyboardGroupDef() 2132213997 -> 0_resource_name_obfuscated : WaitTime = 20 ms : RunTime = 16 ms
06-29 17:13:44.780 I/KeyboardInterfacePrivate(30636): IKeyboard.createKeyboard():67 Keyboard created from HiltKeyboardFactory: com.google.android.apps.inputmethod.latin.keyboard.LatinPrimeKeyboard
06-29 17:13:44.780 I/AndroidIME(30636): InputBundleManager.loadActiveInputBundleId():542 loadActiveInputBundleId: en-GB, ime_english_great_britain
06-29 17:13:44.785 D/InlineSuggestionSessionController(30636): notifyOnStartInput: com.spigens.app, 0
06-29 17:13:44.785 V/InputMethodService(30636): CALL: onStartInput
06-29 17:13:44.785 I/GoogleInputMethodService(30636): GoogleInputMethodService.onStartInput():1454 onStartInput(EditorInfo{EditorInfo{packageName=com.spigens.app, inputType=0, inputTypeString=NULL, enableLearning=false, autoCorrection=false, autoComplete=false, imeOptions=12000000, privateImeOptions=null, actionName=UNSPECIFIED, actionLabel=null, initialSelStart=-1, initialSelEnd=-1, initialCapsMode=0, label=null, fieldId=0, fieldName=null, extras=null, hintText=null, hintLocales=[]}}, true)
06-29 17:13:44.785 W/SessionManager(30636): SessionManager.beginSession():72 Try to begin an already begun session [INPUT_SESSION], end it first
06-29 17:13:44.785 W/AndroidIME(30636): LatinIMEBase.updateInputViewCoverNavigation():326 Null input view, cannot update padding!
06-29 17:13:44.787 I/Module  (30636): DeviceLockedStatusModuleProvider$Module.updateDeviceLockedStatusInternal():127 repeatCheckTimes = 1, locked = false
06-29 17:13:44.794 W/PrimesLoggerHolder(30636): FrameMetricServiceImpl.start():170 measurement already started: MeasurementKey{rawStringEventName=null, noPiiEventName=OnConfigurationChanged, isActivity=false}
06-29 17:13:44.808 I/SP      (30636): Registering emoticon_content_description.2022081613, url: https://www.gstatic.com/android/keyboard/emoticon_content_desc/202208161305/superpacks_manifest.json, constraints: W:*:*:*, flags: bg, requested: 2022081613, current: 2022081613
06-29 17:13:44.902 I/m.vivo.appstore(29219): AssetManager2(0xb400007c3f771dd8) locale list changing from [] to [en-US]
06-29 17:13:44.709 D/BatteryStatsService( 3579): noteVideoSurfaceChanged  noteWhich: 49,arg1: 1920, arg2: 1080, arg3: 17350, arg4: 72132111720526323, name: com.google.android.youtube
06-29 17:13:44.710 D/BatteryStatsService( 3579): noteVideoSurfaceChanged  noteWhich: 49,arg1: 704, arg2: 396, arg3: 17350, arg4: 72132111720526323, name: com.google.android.youtube
06-29 17:13:44.719 D/BatteryStatsService( 3579): noteVideoSurfaceChanged  noteWhich: 49,arg1: -2, arg2: -1, arg3: 23223, arg4: 72157336063442953, name: com.spigens.app
06-29 17:13:45.161 I/SP      (30636): Registering emoticon_content_description.2022081613, url: https://www.gstatic.com/android/keyboard/emoticon_content_desc/202208161305/superpacks_manifest.json, constraints: W:*:*:*, flags: bg, requested: 2022081613, current: 2022081613
06-29 17:13:45.162 I/SP      (30636): Registering content_cache.2024032915, url: https://www.gstatic.com/android/keyboard/modelpack/contentcache/202403291544/superpacks_manifest.json, constraints: W:*:*:*, flags: bg, requested: 2024032915, current: 2024032915
06-29 17:13:45.163 I/SuperpacksManagerImpl(30636): SuperpacksManagerImpl$3$1.onSuccess():552 emoticon_content_description.registerManifest() succeeded
06-29 17:13:45.163 I/SuperpacksManagerImpl(30636): SuperpacksManagerImpl$3$1.onSuccess():552 emoticon_content_description.registerManifest() succeeded
06-29 17:13:45.163 I/SuperpacksManagerImpl(30636): SuperpacksManagerImpl$3$1.onSuccess():552 content_cache.registerManifest() succeeded
06-29 17:13:45.166 I/SP      (30636): Syncing emoticon_content_description (2022081613) with slices: [7a635888cb828dfa2fc744b7b9b50f04, 82203eaeaa17c7345d29b18e337a6f27, 730d6ae72cf88894c2d58bced7b2efc2], metadata: false
06-29 17:13:45.180 I/SP      (30636): Syncing emoticon_content_description (2022081613) with slices: [7a635888cb828dfa2fc744b7b9b50f04, 82203eaeaa17c7345d29b18e337a6f27, 730d6ae72cf88894c2d58bced7b2efc2], metadata: false
06-29 17:13:45.183 I/SP      (30636): Syncing content_cache (2024032915) with slices: [74ed8b2e38ec1bc8af70aa63d8ec49de, 8722425f4121ffdea802b1066df73991, fa1da98da1212aad6fb9a8efaff48148], metadata: true
06-29 17:13:45.319 I/SP      (30636): GC for 'emoticon_content_description' (10) with ttl of 0 ms took 0 ms (0/0/0)
06-29 17:13:45.322 I/AbstractSyncResultCallback(30636): AbstractSyncResultCallback.onFailure():38 onFailure(): emoticon_content_description.sync cancelled; expected if new request supersedes pending one.
06-29 17:13:45.356 I/SP      (30636): Sync for emoticon_content_description succeeded in 192 ms: no changes
06-29 17:13:45.357 I/SP      (30636): Sync for content_cache succeeded in 193 ms: no changes
06-29 17:13:45.357 I/SP      (30636): GC for 'emoticon_content_description' (10) with ttl of 0 ms took 0 ms (0/0/0)
06-29 17:13:45.358 I/SP      (30636): GC for 'content_cache' (10) with ttl of 0 ms took 0 ms (0/0/0)
06-29 17:13:45.358 I/SuperpacksManagerImpl(30636): SuperpacksManagerImpl$19.onSyncSuccess():947 emoticon_content_description.sync() succeeded
06-29 17:13:45.358 I/SuperpacksManagerImpl(30636): SuperpacksManagerImpl$19.onSyncSuccess():947 content_cache.sync() succeeded
06-29 17:13:45.382 D/WM-SystemJobService(16618): onStartJob for WorkGenerationalId(workSpecId=ae38aeb8-be3f-477c-bb16-43518d584f4d, generation=1860)
06-29 17:13:45.399 D/WM-Processor(16618): Work WorkGenerationalId(workSpecId=ae38aeb8-be3f-477c-bb16-43518d584f4d, generation=1860) is already enqueued for processing
06-29 17:13:45.452 D/WM-SystemJobService(16618): onStopJob for WorkGenerationalId(workSpecId=ae38aeb8-be3f-477c-bb16-43518d584f4d, generation=1860)
06-29 17:13:45.457 D/WM-Processor(16618): WorkerWrapper interrupted for ae38aeb8-be3f-477c-bb16-43518d584f4d (androidx.work.multiprocess.RemoteListenableDelegatingWorker), reason: 1
06-29 17:13:45.457 D/WM-StopWorkRunnable(16618): StopWorkRunnable for ae38aeb8-be3f-477c-bb16-43518d584f4d; Processor.stopWork = true, reason: 1
06-29 17:13:45.469 I/WM-WorkerWrapper(16618): Work [ id=ae38aeb8-be3f-477c-bb16-43518d584f4d, class=androidx.work.multiprocess.RemoteListenableDelegatingWorker, tags={ com.google.apps.tiktok.contrib.work.TikTokListenableWorker,com.google.apps.tiktok.sync.impl.workmanager.SyncPeriodicWorker_proc<googleapp>,sync_constraint:connected,TikTokWorker#com.google.apps.tiktok.sync.impl.workmanager.SyncPeriodicWorker } ] was cancelled
06-29 17:13:45.469 I/WM-WorkerWrapper(16618): qxy
06-29 17:13:45.469 I/WM-WorkerWrapper(16618): 	at qwo.e(PG:5)
06-29 17:13:45.469 I/WM-WorkerWrapper(16618): 	at rdl.run(PG:92)
06-29 17:13:45.469 I/WM-WorkerWrapper(16618): 	at rdh.run(PG:3)
06-29 17:13:45.469 I/WM-WorkerWrapper(16618): 	at daqc.run(PG:5)
06-29 17:13:45.469 I/WM-WorkerWrapper(16618): 	at fixe.run(PG:46)
06-29 17:13:45.469 I/WM-WorkerWrapper(16618): 	at dapo.run(PG:81)
06-29 17:13:45.469 I/WM-WorkerWrapper(16618): 	at java.lang.Thread.run(Thread.java:1564)
06-29 17:13:45.469 I/WM-WorkerWrapper(16618): 	at darf.run(PG:63)
06-29 17:13:45.470 D/WM-WorkerWrapper(16618): Status for ae38aeb8-be3f-477c-bb16-43518d584f4d is RUNNING; not doing any work and rescheduling for later execution
06-29 17:13:45.482 D/WM-Processor(16618): qwo ae38aeb8-be3f-477c-bb16-43518d584f4d executed; reschedule = true
06-29 17:13:45.482 D/WM-GreedyScheduler(16618): Stopping tracking for WorkGenerationalId(workSpecId=ae38aeb8-be3f-477c-bb16-43518d584f4d, generation=1860)
06-29 17:13:45.570 D/WM-WorkConstraintsTrack(16618): NetworkRequestConstraintController unregister shared callback
06-29 17:13:46.757 I/StylusModule(30636): StylusModule.onUpdateToolType():774 Update tool type = 0
06-29 17:13:46.918 D/BoundBrokerSvc(29578): onUnbind: Intent { act=com.google.android.gms.common.telemetry.service.START dat=chimera-action:/... xflg=0x4 cmp=com.google.android.gms/.chimera.PersistentApiService }
06-29 17:13:47.497 I/StylusModule(30636): StylusModule.onUpdateToolType():774 Update tool type = 0
06-29 17:13:47.887 D/AutofillSession( 3579): Primary service component name: ComponentInfo{com.google.android.gms/com.google.android.gms.autofill.service.AutofillService}, secondary service component name: ComponentInfo{com.android.credentialmanager/com.android.credentialmanager.autofill.CredentialAutofillService}
06-29 17:13:47.893 D/InputMethod(30636): InputMethodService received onCreateInlineSuggestionsRequest()
06-29 17:13:47.893 D/InlineSuggestionSessionController(30636): onMakeInlineSuggestionsRequest: InlineSuggestionsRequestInfo { componentName = ComponentInfo{com.spigens.app/com.spigens.app.MainActivity}, autofillId = 1073741824:i65536@1336501139, uiExtras = Bundle[mParcelledData.dataSize=188] }
06-29 17:13:47.897 V/InputMethod(30636): restartInput(): editor=android.view.inputmethod.EditorInfo@36caea4
06-29 17:13:47.897 D/InlineSuggestionSessionController(30636): notifyOnStartInput: com.spigens.app, 1073741824
06-29 17:13:47.902 D/AutofillSession( 3579): createPendingIntent for request 2078
06-29 17:13:47.918 V/InputMethodService(30636): CALL: onStartInput
06-29 17:13:47.918 I/GoogleInputMethodService(30636): GoogleInputMethodService.onStartInput():1454 onStartInput(EditorInfo{EditorInfo{packageName=com.spigens.app, inputType=d1, inputTypeString=WebEmailAddress[], enableLearning=true, autoCorrection=false, autoComplete=true, imeOptions=12000005, privateImeOptions=null, actionName=NEXT, actionLabel=null, initialSelStart=0, initialSelEnd=0, initialCapsMode=0, label=null, fieldId=2131296461, fieldName=null, extras=null, hintText=null, hintLocales=[]}}, true)
06-29 17:13:47.918 W/SessionManager(30636): SessionManager.beginSession():72 Try to begin an already begun session [INPUT_SESSION], end it first
06-29 17:13:47.919 W/AndroidIME(30636): LatinIMEBase.updateInputViewCoverNavigation():326 Null input view, cannot update padding!
06-29 17:13:47.919 I/Module  (30636): DeviceLockedStatusModuleProvider$Module.updateDeviceLockedStatusInternal():127 repeatCheckTimes = 1, locked = false
06-29 17:13:47.920 I/StylusModule(30636): StylusModule.onUpdateToolType():774 Update tool type = 1
06-29 17:13:47.920 V/InputMethod(30636): showSoftInput()
06-29 17:13:47.920 D/InlineSuggestionSessionController(30636): notifyShowInputRequested
06-29 17:13:47.921 V/InputMethodService(30636): Showing window: showInput=true mShowInputRequested=false mViewsCreated=false mDecorViewVisible=false mWindowVisible=false mInputStarted=true mShowInputFlags=1
06-29 17:13:47.921 V/InputMethodService(30636): showWindow: updating UI
06-29 17:13:47.921 I/GoogleInputMethodService(30636): GoogleInputMethodService.onCreateInputView():1394 onCreateInputView()
06-29 17:13:47.930 I/AndroidIME(30636): LatinIMEBase.updateInputViewCoverNavigation():321 Update input view padding, isNavbarOverInputWindow=true, bottom inset=132
06-29 17:13:47.931 V/InputMethodService(30636): CALL: onCreateCandidatesView
06-29 17:13:47.931 V/InputMethodService(30636): showWindow: candidates=null
06-29 17:13:47.931 V/InputMethodService(30636): CALL: onStartInputView
06-29 17:13:47.931 D/InlineSuggestionSessionController(30636): notifyOnStartInputView
06-29 17:13:47.931 I/GoogleInputMethodService(30636): GoogleInputMethodService.onStartInputView():1540 onStartInputView(EditorInfo{EditorInfo{packageName=com.spigens.app, inputType=d1, inputTypeString=WebEmailAddress[], enableLearning=true, autoCorrection=false, autoComplete=true, imeOptions=12000005, privateImeOptions=null, actionName=NEXT, actionLabel=null, initialSelStart=0, initialSelEnd=0, initialCapsMode=0, label=null, fieldId=2131296461, fieldName=null, extras=null, hintText=null, hintLocales=[]}}, false)
06-29 17:13:47.931 I/CrossProfileSharedPreferences(30636): CrossProfileSharedPreferences.maybeRunSyncTaskAfterFullSyncComplete():218 Full sync is not complete when incremental sync is called, trigger full sync
06-29 17:13:47.931 I/KeyboardHeightUtil(30636): KeyboardHeightUtil.getOemKeyboardHeightRatio():81 systemKeyboardHeightRatio:1.000000.
06-29 17:13:47.932 I/CrossProfileSharedPreferences(30636): CrossProfileSharedPreferences.syncAllAllowedPreferencesInternal():276 Cannot make cross profile calls to full sync preferences
06-29 17:13:47.933 W/ModuleManager(30636): ModuleManager.loadModule():634 Module qip is not available
06-29 17:13:47.935 I/AndroidIME(30636): InputBundleManager.startInput():357 startInput2 restarting=false
06-29 17:13:47.935 I/AndroidIME(30636): InputBundleManager.loadActiveInputBundleId():542 loadActiveInputBundleId: en-GB, ime_english_great_britain
06-29 17:13:47.935 I/InputBundle(30636): InputBundle.activateIme():598 activateIme: INACTIVE, keyboardType=prime
06-29 17:13:47.940 I/LatinIme(30636): LatinIme.<init>():402 Language = en-GB
06-29 17:13:47.956 I/Delight5Facilitator(30636): Delight5Facilitator.initializeForIme():745 initializeForIme() : Locale = [en_GB], layout = qwerty
06-29 17:13:47.956 I/ImeInterfacePrivate(30636): IIme.createImeWithClassName():62 IIme created from HiltImeFactory: com.google.android.apps.inputmethod.libs.latin5.LatinIme
06-29 17:13:47.957 I/AndroidIME(30636): AbstractIme.onActivate():95 LatinIme.onActivate() : EditorInfo = EditorInfo{packageName=com.spigens.app, inputType=d1, inputTypeString=WebEmailAddress[], enableLearning=true, autoCorrection=false, autoComplete=true, imeOptions=12000005, privateImeOptions=null, actionName=NEXT, actionLabel=null, initialSelStart=0, initialSelEnd=0, initialCapsMode=0, label=null, fieldId=2131296461, fieldName=null, extras=null, hintText=null, hintLocales=[]}, IncognitoMode = false, DeviceLocked = false
06-29 17:13:47.957 I/NebulaeTrainingCacheMetricsProcessor(30636): NebulaeTrainingCacheMetricsProcessor.processBeginSession():253 Begin training cache session: com.whatsapp_2131431830/
06-29 17:13:47.958 I/InputBundle(30636): InputBundle.consumeEvent():1056 Skip consuming an event as keyboard status is INACTIVE
06-29 17:13:47.958 I/LatinIme(30636): LatinIme.updateEnableInlineSuggestionsOnDecoderSideFlags():1279 inline flag updated to:false
06-29 17:13:47.963 I/LatinIme(30636): LatinIme.updateEnableInlineSuggestionsOnDecoderSideFlags():1279 inline flag updated to:false
06-29 17:13:47.964 I/InputBundle(30636): InputBundle.consumeEvent():1056 Skip consuming an event as keyboard status is INACTIVE
06-29 17:13:47.965 I/LatinIme(30636): LatinIme.resetInputContext():2287 resetInputContext(): reason=1, externalEditsInfo=ExternalEditsInfo{action=0, offset=-1, text=null, originalText=null, edits=null}
06-29 17:13:47.965 I/InputBundle(30636): InputBundle.consumeEvent():1056 Skip consuming an event as keyboard status is INACTIVE
06-29 17:13:47.965 I/InputBundle(30636): InputBundle.activateKeyboard():653 activateKeyboard: ACTIVE, type=KeyboardTypeAndPayload(keyboardType=prime, payload=null)
06-29 17:13:47.965 I/KeyboardWrapper(30636): KeyboardWrapper.activateKeyboard():592 activateKeyboard(): type=prime, status=INACTIVE, imeDef=ImeDef{stringId=ime_english_great_britain, language=en-GB, languageTag=en-GB, processedConditions={enable_pk_simulator=false, enable_number_row=true, true=true, device=phone, writing_helper_enable_by_word_revert=false}, className=com.google.android.apps.inputmethod.libs.latin5.LatinIme, label=0, keyEventInterpreter=null, inlineComposing=true, autoCapital=true, announceAutoSelectedCandidate=true, statusIcon=0, indicatorIcon=0, indicatorLabel=GB, displayAppCompletions=true, extraValues=okj{#0x7f0b02ef=TypedValue{t=0x3/d=0x0 "com.google.android.apps.inputmethod.libs.latin5.LatinIme"}}, processors=com.google.android.libraries.inputmethod.metadata.ProcessorsDef@1e9d193, unacceptableMetaKeys=4098, languageSpecificSettings=0, asciiCapable=true, alwaysShowSuggestions=false, useAsciiPasswordKeyboard=false, keyboardGroupDef=KeyboardGroupDef(variant=qwerty, variantLabel=0, pkLanguageTag=, pkLayoutType=, dynamicLayout=null, layoutSpecificSettings=[], layoutSpecificTheme=2132083595, order=0, supportsSplitMode=true, supportsOneHandedMode=true, isVariantNameMandatory=false, keyboardDefInfos={prime=KeyboardDefInfo(kbType=prime, initialStates=0, keyboardDefs=[2132215291, 2132215953], extraValues=okj{}), digit=KeyboardDefInfo(kbType=digit, initialStates=0, keyboardDefs=[2132215914], extraValues=okj{}), symbol=KeyboardDefInfo(kbType=symbol, initialStates=0, keyboardDefs=[2132216099], extraValues=okj{})}, overrideKeyboardXmlConditions=com.google.android.libraries.inputmethod.metadata.OverrideKeyboardXmlConditionsDef@3b85162), phenotypeFlagId=0, localizationLanguageTag=null, supportsInlineSuggestion=true}
06-29 17:13:47.965 I/KeyboardManager(30636): KeyboardManager.requestKeyboard():249 Creating keyboard prime, imeId=ime_english_great_britain, cacheKey=theme,!gsf,!pgsans,!pgsf,!use_system_font,BORDER,FLAVOR_DPI=XXHDPI,KEYBOARD_WIDTH_CATEGORY=NORMAL,KEY_BORDER_SHAPE=1,LIGHT_THEME=false,PHYSICAL_DIAGONAL=5.748144,POPUP,SCREEN_SHORTEST_WIDTH=393,SCREEN_SHORTEST_WIDTH_NO_SCALE=393,XXHDPI,bottom4dp,enable_popup_on_keypress=true,keyboard_redesign_google_sans=true,non_linear_scale,noshadow,overlay_builtin_dynamic_color_dark_base.binarypb:gm3-dark-ff0e141c-ffa7c8ff-d7ffe11be83224df249691d4c4411eea,silkpopup
06-29 17:13:47.965 I/KeyboardDefManager(30636): KeyboardDefManager.requestKeyboardDef():128 requestKeyboardDef(): type=prime, info=olr{defIds=[#0x7f1705fb, #0x7f170891], defIdsCacheKey=[2132215291, 2132215953]}
06-29 17:13:47.966 I/KeyboardDefManager(30636): KeyboardDefManager.requestKeyboardDef():195 requestKeyboardDef(): getOrCreate from cache, info=olr{defIds=[#0x7f1705fb, #0x7f170891], defIdsCacheKey=[2132215291, 2132215953]}
06-29 17:13:47.966 I/KeyboardDefManager(30636): KeyboardDefManager$Companion$addFutureCallbackForKeyboardDefReceiver$1.onSuccess():425 requestKeyboardDef onSuccess(): info=olr{defIds=[#0x7f1705fb, #0x7f170891], defIdsCacheKey=[2132215291, 2132215953]}
06-29 17:13:47.966 I/KeyboardWrapper(30636): KeyboardWrapper.onKeyboardReady():226 onKeyboardReady(): type=null(prime), kb=com.google.android.apps.inputmethod.latin.keyboard.LatinPrimeKeyboard@b238134
06-29 17:13:47.966 I/KeyboardWrapper(30636): KeyboardWrapper.doActivateKeyboard():624 doActivateKeyboard(): prime
06-29 17:13:48.002 D/BoundBrokerSvc(15080): onBind: Intent { act=com.google.android.gms.wallet.service.BIND xflg=0x4 pkg=com.google.android.gms }
06-29 17:13:48.002 D/BoundBrokerSvc(15080): Loading bound service for intent: Intent { act=com.google.android.gms.wallet.service.BIND xflg=0x4 pkg=com.google.android.gms }
06-29 17:13:48.033 W/asqq    (29578): Failed to retrieve prediction data. [CONTEXT service_id=177 ]
06-29 17:13:48.033 W/asqq    (29578): java.util.concurrent.ExecutionException: gkya: No data was found for the table autofill-domain-predictions-prod-spanner.
06-29 17:13:48.033 W/asqq    (29578): 	at hpdd.j(:com.google.android.gms@262334035@26.23.34 (260400-933906539):21)
06-29 17:13:48.033 W/asqq    (29578): 	at hpdm.u(:com.google.android.gms@262334035@26.23.34 (260400-933906539):110)
06-29 17:13:48.033 W/asqq    (29578): 	at hpdd.get(:com.google.android.gms@262334035@26.23.34 (260400-933906539):6)
06-29 17:13:48.033 W/asqq    (29578): 	at asqq.g(:com.google.android.gms@262334035@26.23.34 (260400-933906539):81)
06-29 17:13:48.033 W/asqq    (29578): 	at asqq.a(:com.google.android.gms@262334035@26.23.34 (260400-933906539):132)
06-29 17:13:48.033 W/asqq    (29578): 	at asmc.call(:com.google.android.gms@262334035@26.23.34 (260400-933906539):5)
06-29 17:13:48.033 W/asqq    (29578): 	at java.util.concurrent.FutureTask.run(FutureTask.java:317)
06-29 17:13:48.033 W/asqq    (29578): 	at blkd.c(:com.google.android.gms@262334035@26.23.34 (260400-933906539):50)
06-29 17:13:48.033 W/asqq    (29578): 	at blkd.run(:com.google.android.gms@262334035@26.23.34 (260400-933906539):66)
06-29 17:13:48.033 W/asqq    (29578): 	at java.util.concurrent.ThreadPoolExecutor.runWorker(ThreadPoolExecutor.java:1154)
06-29 17:13:48.033 W/asqq    (29578): 	at java.util.concurrent.ThreadPoolExecutor$Worker.run(ThreadPoolExecutor.java:652)
06-29 17:13:48.033 W/asqq    (29578): 	at blpw.run(:com.google.android.gms@262334035@26.23.34 (260400-933906539):8)
06-29 17:13:48.033 W/asqq    (29578): 	at java.lang.Thread.run(Thread.java:1564)
06-29 17:13:48.033 W/asqq    (29578): Caused by: gkya: No data was found for the table autofill-domain-predictions-prod-spanner.
06-29 17:13:48.033 W/asqq    (29578): 	at gkyr.a(:com.google.android.gms@262334035@26.23.34 (260400-933906539):217)
06-29 17:13:48.033 W/asqq    (29578): 	at hpdo.d(:com.google.android.gms@262334035@26.23.34 (260400-933906539):3)
06-29 17:13:48.033 W/asqq    (29578): 	at hpdq.run(:com.google.android.gms@262334035@26.23.34 (260400-933906539):47)
06-29 17:13:48.033 W/asqq    (29578): 	at hpfd.execute(:com.google.android.gms@262334035@26.23.34 (260400-933906539):1)
06-29 17:13:48.033 W/asqq    (29578): 	at hpdd.f(:com.google.android.gms@262334035@26.23.34 (260400-933906539):1)
06-29 17:13:48.033 W/asqq    (29578): 	at hpdd.m(:com.google.android.gms@262334035@26.23.34 (260400-933906539):101)
06-29 17:13:48.033 W/asqq    (29578): 	at hpdd.p(:com.google.android.gms@262334035@26.23.34 (260400-933906539):15)
06-29 17:13:48.033 W/asqq    (29578): 	at hpdp.e(:com.google.android.gms@262334035@26.23.34 (260400-933906539):1)
06-29 17:13:48.033 W/asqq    (29578): 	at hpdq.run(:com.google.android.gms@262334035@26.23.34 (260400-933906539):53)
06-29 17:13:48.033 W/asqq    (29578): 	at hpfd.execute(:com.google.android.gms@262334035@26.23.34 (260400-933906539):1)
06-29 17:13:48.033 W/asqq    (29578): 	at hpdd.f(:com.google.android.gms@262334035@26.23.34 (260400-933906539):1)
06-29 17:13:48.033 W/asqq    (29578): 	at hpdd.m(:com.google.android.gms@262334035@26.23.34 (260400-933906539):101)
06-29 17:13:48.033 W/asqq    (29578): 	at hpdd.s(:com.google.android.gms@262334035@26.23.34 (260400-933906539):28)
06-29 17:13:48.033 W/asqq    (29578): 	at hpdo.e(:com.google.android.gms@262334035@26.23.34 (260400-933906539):3)
06-29 17:13:48.033 W/asqq    (29578): 	at hpdq.run(:com.google.android.gms@262334035@26.23.34 (260400-933906539):53)
06-29 17:13:48.033 W/asqq    (29578): 	at hpfd.execute(:com.google.android.gms@262334035@26.23.34 (260400-933906539):1)
06-29 17:13:48.033 W/asqq    (29578): 	at hpdd.f(:com.google.android.gms@262334035@26.23.34 (260400-933906539):1)
06-29 17:13:48.033 W/asqq    (29578): 	at hpdd.m(:com.google.android.gms@262334035@26.23.34 (260400-933906539):101)
06-29 17:13:48.033 W/asqq    (29578): 	at hpdd.s(:com.google.android.gms@262334035@26.23.34 (260400-933906539):28)
06-29 17:13:48.033 W/asqq    (29578): 	at hpdo.e(:com.google.android.gms@262334035@26.23.34 (260400-933906539):3)
06-29 17:13:48.033 W/asqq    (29578): 	at hpdq.run(:com.google.android.gms@262334035@26.23.34 (260400-933906539):53)
06-29 17:13:48.033 W/asqq    (29578): 	at hpfd.execute(:com.google.android.gms@262334035@26.23.34 (260400-933906539):1)
06-29 17:13:48.033 W/asqq    (29578): 	at hpdd.f(:com.google.android.gms@262334035@26.23.34 (260400-933906539):1)
06-29 17:13:48.033 W/asqq    (29578): 	at hpdd.m(:com.google.android.gms@262334035@26.23.34 (260400-933906539):101)
06-29 17:13:48.033 W/asqq    (29578): 	at hpdd.p(:com.google.android.gms@262334035@26.23.34 (260400-933906539):15)
06-29 17:13:48.033 W/asqq    (29578): 	at hpcv.run(:com.google.android.gms@262334035@26.23.34 (260400-933906539):129)
06-29 17:13:48.033 W/asqq    (29578): 	at hpfd.execute(:com.google.android.gms@262334035@26.23.34 (260400-933906539):1)
06-29 17:13:48.033 W/asqq    (29578): 	at hpdd.f(:com.google.android.gms@262334035@26.23.34 (260400-933906539):1)
06-29 17:13:48.033 W/asqq    (29578): 	at hpdd.m(:com.google.android.gms@262334035@26.23.34 (260400-933906539):101)
06-29 17:13:48.033 W/asqq    (29578): 	at hpdd.p(:com.google.android.gms@262334035@26.23.34 (260400-933906539):15)
06-29 17:13:48.033 W/asqq    (29578): 	at hpdp.e(:com.google.android.gms@262334035@26.23.34 (260400-933906539):1)
06-29 17:13:48.033 W/asqq    (29578): 	at hpdq.run(:com.google.android.gms@262334035@26.23.34 (260400-933906539):53)
06-29 17:13:48.033 W/asqq    (29578): 	at hpfd.execute(:com.google.android.gms@262334035@26.23.34 (260400-933906539):1)
06-29 17:13:48.033 W/asqq    (29578): 	at hpdd.f(:com.google.android.gms@262334035@26.23.34 (260400-933906539):1)
06-29 17:13:48.033 W/asqq    (29578): 	at hpdd.m(:com.google.android.gms@262334035@26.23.34 (260400-933906539):101)
06-29 17:13:48.033 W/asqq    (29578): 	at hpcx.run(:com.google.android.gms@262334035@26.23.34 (260400-933906539):27)
06-29 17:13:48.033 W/asqq    (29578): 	at hpfd.execute(:com.google.android.gms@262334035@26.23.34 (260400-933906539):1)
06-29 17:13:48.033 W/asqq    (29578): 	at hpfh.c(:com.google.android.gms@262334035@26.23.34 (260400-933906539):1)
06-29 17:13:48.033 W/asqq    (29578): 	at hpfh.b(:com.google.android.gms@262334035@26.23.34 (260400-933906539):34)
06-29 17:13:48.033 W/asqq    (29578): 	at hpgs.done(:com.google.android.gms@262334035@26.23.34 (260400-933906539):3)
06-29 17:13:48.033 W/asqq    (29578): 	at java.util.concurrent.FutureTask.finishCompletion(FutureTask.java:434)
06-29 17:13:48.033 W/asqq    (29578): 	at java.util.concurrent.FutureTask.set(FutureTask.java:285)
06-29 17:13:48.033 W/asqq    (29578): 	at java.util.concurrent.FutureTask.run(FutureTask.java:325)
06-29 17:13:48.033 W/asqq    (29578): 	at hphg.run(:com.google.android.gms@262334035@26.23.34 (260400-933906539):64)
06-29 17:13:48.033 W/asqq    (29578): 	... 6 more
06-29 17:13:48.059 I/KeyboardViewHelper(30636): KeyboardViewHelper.getView():180 Get view with height ratio:1.000000
06-29 17:13:48.063 D/AutofillSession( 3579): clearPendingIntentLocked
06-29 17:13:48.064 V/InlineSuggestionRenderService(10053): handleDestroySuggestionViews called for 0:1336501139
06-29 17:13:48.084 I/SyncManager(15080): (REDACTED) Executing sync(type=%s%s)
06-29 17:13:48.088 I/SyncManager(15080): (REDACTED) Executing sync(type=%s) finished in %s
06-29 17:13:48.089 W/HWUI    (30636): Image decoding logging dropped!
06-29 17:13:48.092 I/BaseKeyboardSizeHelper(30636): BaseKeyboardSizeHelper.calculateMaxKeyboardBodyHeight():73 leave 267 height for app when ime window height:2155, header height:121 and isFullscreenMode:false, so the max keyboard body height is:1767
06-29 17:13:48.092 I/SoftKeyboardView(30636): SoftKeyboardView.setMaxHeight():1113 Set max keyboard height:1767.
06-29 17:13:48.097 I/AndroidIME(30636): KeyboardViewManager.updateKeyboardBackgroundFrameVisibility():392 Set background frame visibility. old:8, new:8
06-29 17:13:48.097 I/BaseKeyboardSizeHelper(30636): BaseKeyboardSizeHelper.calculateMaxKeyboardBodyHeight():73 leave 267 height for app when ime window height:2155, header height:121 and isFullscreenMode:false, so the max keyboard body height is:1767
06-29 17:13:48.097 I/BaseKeyboardSizeHelper(30636): BaseKeyboardSizeHelper.calculateMaxKeyboardBodyHeight():73 leave 267 height for app when ime window height:2155, header height:121 and isFullscreenMode:false, so the max keyboard body height is:1767
06-29 17:13:48.097 I/BaseKeyboardSizeHelper(30636): BaseKeyboardSizeHelper.calculateMaxKeyboardBodyHeight():73 leave 267 height for app when ime window height:2155, header height:121 and isFullscreenMode:false, so the max keyboard body height is:1767
06-29 17:13:48.098 I/GlobeKeyExtension(30636): GlobeKeyExtension.getKeyboardInitialStates():186 
06-29 17:13:48.098 W/KeyboardDef(30636): KeyboardDef.getKeyboardViewDef():397 KeyboardViewDef is not found: keyboardDef=oll{processedConditions={device=phone, enable_pk_simulator=false, enable_more_candidates_view_for_multilingual=false, enable_preemptive_decode=true, android_software_xr_api_spatial=false, free_cursor=false, deprecate_long_press_space_for_ime_picker=false, enable_scrub_move=true, layout_9key_split=false, expressions=normal, language=en-GB, variant=qwerty, show_comma_key=true, show_period_key=true, keyboard_mode=normal, pref_enable_flick_symbols=false, show_secondary_digits=false, enable_secondary_symbols=false, enable_number_row=true}, globalConditions={global_theme_key=theme,!gsf,!pgsans,!pgsf,!use_system_font,BORDER,FLAVOR_DPI=XXHDPI,KEYBOARD_WIDTH_CATEGORY=NORMAL,KEY_BORDER_SHAPE=1,LIGHT_THEME=false,PHYSICAL_DIAGONAL=5.748144,POPUP,SCREEN_SHORTEST_WIDTH=393,SCREEN_SHORTEST_WIDTH_NO_SCALE=393,XXHDPI,bottom4dp,enable_popup_on_keypress=true,keyboard_redesign_google_sans=true,non_linear_scale,noshadow,overlay_builtin_dynamic_color_dark_base.binarypb:gm3-dark-ff0e141c-ffa7c8ff-d7ffe11be83224df249691d4c4411eea,silkpopup, global_locale=en_GB, global_density_dpi=440, global_orientation=1}, className=.latin.keyboard.LatinPrimeKeyboard, resourceIds=[#0x7f1705fb, #0x7f170891], initialStates=0, keyboardViewDefs=[omd{direction=null, id=#0x7f0b0232, isScalable=true, layoutId=#0x7f0e02c2, type=BODY, touchable=true, defaultShow=true}, omd{direction=null, id=#0x7f0b0232, isScalable=false, layoutId=#0x7f0e021d, type=FLOATING_CANDIDATES, touchable=false, defaultShow=false}, omd{direction=LOCALE, id=#0x7f0b0232, isScalable=false, layoutId=#0x7f0e0526, type=HEADER, touchable=true, defaultShow=true}], persistentStates=0, persistentStatesPrefKey=null, popupBubbleLayoutId=#0x7f0e0617, recentKeyLayoutId=#0x0, recentKeyPopupLayoutId=#0x0, recentKeyType=null, rememberRecentKey=NONE, sessionStates=26388279066624}, type=WIDGET, id=2131427890
06-29 17:13:48.098 W/Keyboard(30636): Keyboard.getKeyboardViewHelper():607 null helper is returned: keyboardDef=oll{processedConditions={device=phone, enable_pk_simulator=false, enable_more_candidates_view_for_multilingual=false, enable_preemptive_decode=true, android_software_xr_api_spatial=false, free_cursor=false, deprecate_long_press_space_for_ime_picker=false, enable_scrub_move=true, layout_9key_split=false, expressions=normal, language=en-GB, variant=qwerty, show_comma_key=true, show_period_key=true, keyboard_mode=normal, pref_enable_flick_symbols=false, show_secondary_digits=false, enable_secondary_symbols=false, enable_number_row=true}, globalConditions={global_theme_key=theme,!gsf,!pgsans,!pgsf,!use_system_font,BORDER,FLAVOR_DPI=XXHDPI,KEYBOARD_WIDTH_CATEGORY=NORMAL,KEY_BORDER_SHAPE=1,LIGHT_THEME=false,PHYSICAL_DIAGONAL=5.748144,POPUP,SCREEN_SHORTEST_WIDTH=393,SCREEN_SHORTEST_WIDTH_NO_SCALE=393,XXHDPI,bottom4dp,enable_popup_on_keypress=true,keyboard_redesign_google_sans=true,non_linear_scale,noshadow,overlay_builtin_dynamic_color_dark_base.binarypb:gm3-dark-ff0e141c-ffa7c8ff-d7ffe11be83224df249691d4c4411eea,silkpopup, global_locale=en_GB, global_density_dpi=440, global_orientation=1}, className=.latin.keyboard.LatinPrimeKeyboard, resourceIds=[#0x7f1705fb, #0x7f170891], initialStates=0, keyboardViewDefs=[omd{direction=null, id=#0x7f0b0232, isScalable=true, layoutId=#0x7f0e02c2, type=BODY, touchable=true, defaultShow=true}, omd{direction=null, id=#0x7f0b0232, isScalable=false, layoutId=#0x7f0e021d, type=FLOATING_CANDIDATES, touchable=false, defaultShow=false}, omd{direction=LOCALE, id=#0x7f0b0232, isScalable=false, layoutId=#0x7f0e0526, type=HEADER, touchable=true, defaultShow=true}], persistentStates=0, persistentStatesPrefKey=null, popupBubbleLayoutId=#0x7f0e0617, recentKeyLayoutId=#0x0, recentKeyPopupLayoutId=#0x0, recentKeyType=null, rememberRecentKey=NONE, sessionStates=26388279066624}, type=WIDGET, helpersCreated={HEADER=nwa@292e264, BODY=nwa@6dd0ccd, FLOATING_CANDIDATES=nwa@9931982}, context.getResources().getConfiguration(): {1.0 ?mcc0mnc [en_GB] ldltr sw393dp w393dp h870dp 440dpi nrml long hdr widecg port night finger -keyb/v/h -nav/h winConfig={ mBounds=Rect(0, 0 - 1080, 2392) mAppBounds=Rect(0, 0 - 1080, 2392) mMaxBounds=Rect(0, 0 - 1080, 2392) mDisplayRotation=ROTATION_0 mWindowingMode=fullscreen mActivityType=undefined mAlwaysOnTop=undefined mRotation=ROTATION_0 isEmbedding:false} s.38877 fontWeightAdjustment=0 themeId=2 themeParameter=0 nightModeLevel = -1 typefaceChanged=0.0 ?spacesystem eaMode=1}
06-29 17:13:48.099 I/MotionEventHandlerManager(30636): MotionEventHandlerManager.newHandlerInstance():562 Created handler instance from HiltMotionEventHandlerFactory .libs.latin5.handler.HeaderMotionEventHandler
06-29 17:13:48.099 I/MotionEventHandlerManager(30636): MotionEventHandlerManager.newHandlerInstance():562 Created handler instance from HiltMotionEventHandlerFactory .libs.latin5.handler.LatinMotionEventHandler
06-29 17:13:48.099 I/MotionEventHandlerManager(30636): MotionEventHandlerManager.newHandlerInstance():562 Created handler instance from HiltMotionEventHandlerFactory .libs.latin5.handler.LatinPreemptiveDecodeHandler
06-29 17:13:48.099 I/MotionEventHandlerManager(30636): MotionEventHandlerManager.newHandlerInstance():562 Created handler instance from HiltMotionEventHandlerFactory .libs.latin5.handler.LatinGestureMotionEventHandler
06-29 17:13:48.099 I/MotionEventHandlerManager(30636): MotionEventHandlerManager.newHandlerInstance():562 Created handler instance from HiltMotionEventHandlerFactory .motioneventhandler.scrubmove.ScrubDeleteMotionEventHandler
06-29 17:13:48.099 I/MotionEventHandlerManager(30636): MotionEventHandlerManager.newHandlerInstance():562 Created handler instance from HiltMotionEventHandlerFactory .inlinesuggestion.InlineSuggestionScrubSpaceMotionEventHandler
06-29 17:13:48.099 I/MotionEventHandlerManager(30636): MotionEventHandlerManager.newHandlerInstance():562 Created handler instance from HiltMotionEventHandlerFactory .motioneventhandler.scrubmove.ScrubMoveMotionEventHandler
06-29 17:13:48.099 I/MotionEventHandlerManager(30636): MotionEventHandlerManager.newHandlerInstance():574 Created handler instance from reflection .libs.latin5.handler.LatinKeyboardLayoutHandler: com.google.android.apps.inputmethod.libs.latin5.handler.LatinKeyboardLayoutHandler@dbc0885
06-29 17:13:48.099 I/MotionEventHandlerManager(30636): MotionEventHandlerManager.newHandlerInstance():562 Created handler instance from HiltMotionEventHandlerFactory com.google.android.libraries.inputmethod.motioneventhandler.BasicMotionEventHandler
06-29 17:13:48.099 I/BaseKeyboardSizeHelper(30636): BaseKeyboardSizeHelper.calculateMaxKeyboardBodyHeight():73 leave 267 height for app when ime window height:2155, header height:121 and isFullscreenMode:false, so the max keyboard body height is:1767
06-29 17:13:48.105 I/KeyboardDefManager(30636): KeyboardDefManager.requestKeyboardDef():128 requestKeyboardDef(): type=symbol, info=olr{defIds=[#0x7f170923], defIdsCacheKey=[2132216099]}
06-29 17:13:48.105 I/KeyboardDefManager(30636): KeyboardDefManager.requestKeyboardDef():195 requestKeyboardDef(): getOrCreate from cache, info=olr{defIds=[#0x7f170923], defIdsCacheKey=[2132216099]}
06-29 17:13:48.105 I/KeyboardDefManager(30636): KeyboardDefManager$Companion$addFutureCallbackForKeyboardDefReceiver$1.onSuccess():425 requestKeyboardDef onSuccess(): info=olr{defIds=[#0x7f170923], defIdsCacheKey=[2132216099]}
06-29 17:13:48.106 I/KeyboardInterfacePrivate(30636): IKeyboard.createKeyboard():67 Keyboard created from HiltKeyboardFactory: com.google.android.apps.inputmethod.latin.keyboard.LatinSymbolsKeyboard
06-29 17:13:48.106 I/KeyboardDefManager(30636): KeyboardDefManager.requestKeyboardDef():128 requestKeyboardDef(): type=digit, info=olr{defIds=[#0x7f17086a], defIdsCacheKey=[2132215914]}
06-29 17:13:48.106 I/KeyboardDefManager(30636): KeyboardDefManager.requestKeyboardDef():195 requestKeyboardDef(): getOrCreate from cache, info=olr{defIds=[#0x7f17086a], defIdsCacheKey=[2132215914]}
06-29 17:13:48.106 I/KeyboardDefManager(30636): KeyboardDefManager$Companion$addFutureCallbackForKeyboardDefReceiver$1.onSuccess():425 requestKeyboardDef onSuccess(): info=olr{defIds=[#0x7f17086a], defIdsCacheKey=[2132215914]}
06-29 17:13:48.106 I/KeyboardInterfacePrivate(30636): IKeyboard.createKeyboard():67 Keyboard created from HiltKeyboardFactory: com.google.android.apps.inputmethod.latin.keyboard.LatinDigitsKeyboard
06-29 17:13:48.106 I/AndroidIME(30636): InputBundleManager.startInput():372 startInput() with KeyboardTypeAndPayload(keyboardType=prime, payload=null)
06-29 17:13:48.107 I/PkModeUpdater(30636): PkModeUpdater.onActivate():76 onActivate false true
06-29 17:13:48.107 I/AccessoryInputModeManager(30636): AccessoryInputModeManager.onModeStarted():353 Accessory input mode started: null
06-29 17:13:48.107 W/SupplementaryKeyboardsWrapper(30636): SupplementaryKeyboardsWrapper.deactivateKeyboard():162 keyboard accessory_candidates_consumer is not activated before!
06-29 17:13:48.107 W/SupplementaryKeyboardsWrapper(30636): SupplementaryKeyboardsWrapper.deactivateKeyboard():162 keyboard composing_text_consumer is not activated before!
06-29 17:13:48.107 I/GlobeKeyExtension(30636): GlobeKeyExtension.onActivate():130 
06-29 17:13:48.108 I/BaseKeyboardSizeHelper(30636): BaseKeyboardSizeHelper.calculateMaxKeyboardBodyHeight():73 leave 267 height for app when ime window height:2155, header height:121 and isFullscreenMode:false, so the max keyboard body height is:1767
06-29 17:13:48.108 I/BaseKeyboardSizeHelper(30636): BaseKeyboardSizeHelper.calculateMaxKeyboardBodyHeight():73 leave 267 height for app when ime window height:2155, header height:121 and isFullscreenMode:false, so the max keyboard body height is:1767
06-29 17:13:48.108 I/BaseKeyboardSizeHelper(30636): BaseKeyboardSizeHelper.calculateMaxKeyboardBodyHeight():73 leave 267 height for app when ime window height:2155, header height:121 and isFullscreenMode:false, so the max keyboard body height is:1767
06-29 17:13:48.108 W/ExtensionWrapper(30636): ExtensionWrapper.setExtensionViewVisibility():878 interface nzx is not activate
06-29 17:13:48.108 I/VoiceInputManagerWrapper(30636): VoiceInputManagerWrapper.cancelShutdown():109 cancelShutdown() [RD]
06-29 17:13:48.108 I/VoiceInputManagerWrapper(30636): VoiceInputManagerWrapper.syncLanguagePacks():121 syncLanguagePacks() [RD]
06-29 17:13:48.109 I/VoiceInputManager(30636): VoiceInputManager.onKeyboardActivated():1270 onKeyboardActivated() [UD]
06-29 17:13:48.109 I/NetworkInfoNotification(30636): NetworkInfoNotification$Listener.onReceive():107 onNetworkAvailable: networkState = NON_METERED, isAirplaneModeOn = false
06-29 17:13:48.109 I/UniversalDictationUiProvider(30636): UniversalDictationUiProvider.onActivate():63 onActivate() [UD]
06-29 17:13:48.110 I/Module  (30636): DeviceLockedStatusModuleProvider$Module.updateDeviceLockedStatusInternal():127 repeatCheckTimes = 1, locked = false
06-29 17:13:48.110 I/VoiceImeUtils(30636): VoiceImeUtils.shouldStartVoiceInputAutomaticallyInCurrentInputBox():157 No private IME option set to start voice input. [RD]
06-29 17:13:48.111 V/InputMethodService(30636): showWindow: draw decorView!
06-29 17:13:48.112 I/CrossProfileSharedPreferences(30636): CrossProfileSharedPreferences.maybeRunSyncTaskAfterFullSyncComplete():218 Full sync is not complete when incremental sync is called, trigger full sync
06-29 17:13:48.116 I/CrossProfileSharedPreferences(30636): CrossProfileSharedPreferences.syncAllAllowedPreferencesInternal():276 Cannot make cross profile calls to full sync preferences
06-29 17:13:48.117 I/SpeechFactory(30636): SpeechRecognitionFactory.maybeScheduleAutoPackDownloadForFallback():224 maybeScheduleAutoPackDownloadForFallback()
06-29 17:13:48.117 I/FallbackOnDeviceRecognitionProvider(30636): FallbackOnDeviceRecognitionProvider.maybeScheduleAutoPackDownload():213 maybeScheduleAutoPackDownload() for language tag en-GB
06-29 17:13:48.142 D/ViewRootImpl(30636): AppSizeAfterRelayout, size: Point(1080, 2287), rotation: ROTATION_0
06-29 17:13:48.147 W/gle.android.gms(15080): Missing inline cache for java.lang.Object bigb.invoke(java.lang.Object)
06-29 17:13:48.149 I/gle.android.gms(15080): Compiler allocated 4202KB to compile java.lang.Object bigb.invoke(java.lang.Object)
06-29 17:13:48.150 I/AndroidIME(30636): KeyboardViewManager.updateKeyboardBackgroundFrameVisibility():392 Set background frame visibility. old:8, new:8
06-29 17:13:48.150 I/WindowMetricsNotification(30636): WindowMetricsNotification.notifyWithWindow():165 
06-29 17:13:48.150 I/DeviceModeModule(30636): DeviceModeModule.calculateAndNotify():238 Device mode 'phone' from display metrics 'DisplayMetrics{density=0.0, width=1080, height=2392, scaledDensity=0.0, xdpi=391.885, ydpi=386.986}' or smallestScreenWidthDp: 393
06-29 17:13:48.150 I/GoogleInputMethodService(30636): GoogleInputMethodService$8.onWindowMetricsChanged():843 windowMetrics: bounds() = Rect(0, 105 - 1080, 2392), insets() = Rect(0, 0 - 0, 132)
06-29 17:13:48.150 I/AndroidIME(30636): LatinIMEBase.updateInputViewCoverNavigation():321 Update input view padding, isNavbarOverInputWindow=true, bottom inset=132
06-29 17:13:48.150 I/BaseKeyboardSizeHelper(30636): BaseKeyboardSizeHelper.calculateMaxKeyboardBodyHeight():73 leave 267 height for app when ime window height:2155, header height:121 and isFullscreenMode:false, so the max keyboard body height is:1767
06-29 17:13:48.151 I/KeyboardModeUtils(30636): KeyboardModeUtils.getKeyboardBottomOffset():435 inch: 0.000000 ydpi: 386.985992 adjustKeyboardBottomByDisplaySize: false currentDensityDpi: 440 defaultDensityDpi: 440 keyboardBottomToScreenPx: 0 keyboardBottomToNavBarPx: -132 navBarHeight: 132
06-29 17:13:48.151 I/BaseKeyboardSizeHelper(30636): BaseKeyboardSizeHelper.calculateMaxKeyboardBodyHeight():73 leave 267 height for app when ime window height:2155, header height:121 and isFullscreenMode:false, so the max keyboard body height is:1767
06-29 17:13:48.151 I/BaseKeyboardSizeHelper(30636): BaseKeyboardSizeHelper.calculateMaxKeyboardBodyHeight():73 leave 267 height for app when ime window height:2155, header height:121 and isFullscreenMode:false, so the max keyboard body height is:1767
06-29 17:13:48.151 I/AndroidIME(30636): KeyboardViewManager.updateKeyboardBottomFrame():519 Set bottomFrameHeight = 146 while holderPaddingBottom = 146; navigationHeight = 132
06-29 17:13:48.151 I/BaseKeyboardSizeHelper(30636): BaseKeyboardSizeHelper.calculateMaxKeyboardBodyHeight():73 leave 267 height for app when ime window height:2155, header height:121 and isFullscreenMode:false, so the max keyboard body height is:1767
06-29 17:13:48.151 I/BaseKeyboardSizeHelper(30636): BaseKeyboardSizeHelper.calculateMaxKeyboardBodyHeight():73 leave 267 height for app when ime window height:2155, header height:121 and isFullscreenMode:false, so the max keyboard body height is:1767
06-29 17:13:48.151 I/BaseKeyboardSizeHelper(30636): BaseKeyboardSizeHelper.calculateMaxKeyboardBodyHeight():73 leave 267 height for app when ime window height:2155, header height:121 and isFullscreenMode:false, so the max keyboard body height is:1767
06-29 17:13:48.151 I/WindowMetricsNotification(30636): WindowMetricsNotification.notify():158 rpz[bounds=Rect(0, 105 - 1080, 2392), insets=Rect(0, 0 - 0, 132), densityDpi=440, smallestScreenWidthDp=393, displayWidth=1080, displayHeight=2392, xdpi=391.885, ydpi=386.986, isTrustable=true, displayId=0]; DisplayMetrics{density=2.75, width=1080, height=2392, scaledDensity=2.75, xdpi=391.885, ydpi=386.986}
06-29 17:13:48.152 W/View    (30636): requestLayout() improperly called by com.google.android.libraries.inputmethod.widgets.scaledkeyboard.ScaledKeyboardViewInner{a8b7ba6 V.E...... ......ID 13,0-1067,121 #7f0b03a7 app:id/0_resource_name_obfuscated} during layout: running second layout pass
06-29 17:13:48.152 W/View    (30636): requestLayout() improperly called by com.google.android.libraries.inputmethod.widgets.SoftKeyView{57469e7 VFE...C.. ......ID 6,0-122,121 #7f0b050a app:id/key_pos_header_access_points_menu} during layout: running second layout pass
06-29 17:13:48.152 W/View    (30636): requestLayout() improperly called by com.google.android.libraries.inputmethod.widgets.CopyImageSourceView{a7e7c3d V.ED..... ......ID 6,0-1048,121 #7f0b01ec app:id/0_resource_name_obfuscated} during layout: running second layout pass
06-29 17:13:48.152 W/View    (30636): requestLayout() improperly called by android.widget.LinearLayout{5e3ac32 V.E...... ......ID 122,0-932,121 #7f0b03a9 app:id/0_resource_name_obfuscated} during layout: running second layout pass
06-29 17:13:48.152 W/View    (30636): requestLayout() improperly called by com.google.android.libraries.inputmethod.widgets.SoftKeyView{785c8a9 VFE...C.. ......ID 932,0-1048,121 #7f0b0512 app:id/key_pos_header_power_key} during layout: running second layout pass
06-29 17:13:48.152 W/View    (30636): requestLayout() improperly called by com.google.android.libraries.inputmethod.widgets.KeyboardHolder{4bf78e6 V.E...... ......ID 0,0-1080,908 #7f0b060c app:id/keyboard_holder} during layout: running second layout pass
06-29 17:13:48.152 W/View    (30636): requestLayout() improperly called by com.google.android.libraries.inputmethod.keyboard.impl.KeyboardViewHolder{2ab08d4 V.E...... ......ID 0,0-1080,121 #7f0b060b app:id/keyboard_header_view_holder} during layout: running second layout pass
